[somosprueba2.blogspot.com/index.html]
[backblue.gif]
[fade.gif]
[index.html]
[somosprueba2.blogspot.com/favicon.ico]
[somosprueba2.blogspot.com/feeds/posts/default]
[somosprueba2.blogspot.com/feeds/posts/default9522]
[4.bp.blogspot.com/-MHq8Hlrrn1c/Xxb_l6j3UiI/AAAAAAAAQVI/c17Qo7CnvgQz9xmQh8PtXPMrp0Wk9N74wCLcBGAsYHQ/s1600/bg.jpg]
[4.bp.blogspot.com/-6wZjpPHxsP8/Xxb_4jbNEFI/AAAAAAAAQVQ/DmzOlGWIOJw71MxZukoW0oMxi7GjLzlxgCLcBGAsYHQ/s1600/telegram.png]
[ajax.googleapis.com/ajax/libs/jquery/1.8/jquery.min.js]
[cdnjs.cloudflare.com/ajax/libs/font-awesome/4.5.0/css/font-awesome7839.css]
[2.bp.blogspot.com/-HqCtcNfsHO8/Xxdl62dxlRI/AAAAAAAAQW0/bBGcuT0goDoo97l0AHP3jsWfbPddooj7QCLcBGAsYHQ/s1600/logo.png]
[somosprueba2.blogspot.com/searchd41d.html]
[somosprueba2.blogspot.com/2021/02/boku-no-hero-academia-movie.html]
[1.bp.blogspot.com/-cIGpnlwIyH8/YDg8sUZjD9I/AAAAAAAABik/III2SNzhHXEPrDMfgudg4EzoIZaKevdagCLcBGAsYHQ/s0/My_Hero_Academia_El_despertar_de_los_h_roes-840847986-large.jpg]
[somosprueba2.blogspot.com/2021/02/shingeki-no-kyojin.html]
[1.bp.blogspot.com/-xd0ipeainY8/YDg5tvYFBlI/AAAAAAAABiU/s2NUhEmOzZMigugdtfi_E87IWyQNoPoLgCLcBGAsYHQ/s0/poster-for-shingeki-no-kyojin-or-attack-on-titan.jpg]
[1.bp.blogspot.com/-wgU-TKRKH2M/YDg3kRjFoxI/AAAAAAAABiM/PmI_VSlsrwc8PDyeWXvXBuBYLxHzD4CcwCLcBGAsYHQ/s0/Hortensia-Saga_Poster.jpg]
[somosprueba2.blogspot.com/2021/02/hortensia-saga.html]
[somosprueba2.blogspot.com/2021/02/dr-stone.html]
[xa-cs.com.ar/uploads/monthly_2019_09/fec464366218935900a0c02bc3a0a32a1559098068_main.jpg.a14138b7b60729ea363f89a0eff58054.jpg]
[1.bp.blogspot.com/-y4KamurY120/X5gwxaJCa7I/AAAAAAAABDo/Lk2VYJORj-sA6skY2sKBnr2iEyLPAFHCACLcBGAsYHQ/s0/qd2221.jpg]
[somosprueba2.blogspot.com/2020/10/dragon-ball.html]
[somosprueba2.blogspot.com/2020/10/sinopsis-anime-naruto-un-ninja.html]
[1.bp.blogspot.com/-DdiT2kYh1O0/X5guNQzphjI/AAAAAAAABDI/r4XoaE0dPU8kvywzi9Vn3sqvcMN_zeDaACLcBGAsYHQ/s0/dw.jpg]
[somosprueba2.blogspot.com/2020/10/naruto-shippuden.html]
[1.bp.blogspot.com/-zWT9H-8w4ds/X5cj7iOkb6I/AAAAAAAABCE/4zUnjVHEUyYVrIJ88Y327wmSYfrrnWXOACLcBGAsYHQ/s0/naruto-shippuden.jpg]
[somosprueba2.blogspot.com/p/condiciones-de-uso.17.delayed]
[somosprueba2.blogspot.com/p/politica-de-privacidad.18.delayed]
[somosprueba2.blogspot.com/p/sobre-nosotros.19.delayed]
[somosprueba2.blogspot.com/index.html]
[cdnjs.cloudflare.com/ajax/libs/font-awesome/4.5.0/css/font-awesome7839.css]
[ww3.animeflv.cc/static/js/hamfunctionc010.js]
[somosprueba2.blogspot.com/searchd41d.html]
[somosprueba2.blogspot.com/search.html]
[1.bp.blogspot.com/-Ik7UqS8h-Kc/YDg9DKVoiSI/AAAAAAAABis/I-T-dV8V20cfMqqpZpMXIsJbVVnYtFKYgCLcBGAsYHQ/s0/3087e-zcf5ryx.jpg]
[somosprueba2.blogspot.com/search/label/Anime.html]
[somosprueba2.blogspot.com/p/boku-no-hero-academia-movie.html]
[1.bp.blogspot.com/-U-ack3k1srE/X5gydIDFtHI/AAAAAAAABEE/nDK4jbDjafABITN0xMxW8jreKmsuhcIPgCLcBGAsYHQ/s0/dwq.jpg]
[somosprueba2.blogspot.com/2021/02/boku-no-hero-academia-movie.html]
[1.bp.blogspot.com/-MgeRIvqdNMQ/YDg6HGy1O5I/AAAAAAAABic/Qmib5xqK8NUqyE-H8saKgfvDLtaCbleVgCLcBGAsYHQ/s0/13-9db76c099344bbdc295677b1af96d54e-1200x600.jpg]
[1.bp.blogspot.com/-Thwo60TxuRE/XxcvBAODNYI/AAAAAAAAQV8/iNeQJwwr_uQ8DAPOUgj7K8avZ10-YKRoACLcBGAsYHQ/s1600/proximo.jpg]
[1.bp.blogspot.com/-lBdN_y0n_QY/X5gvxwN3qSI/AAAAAAAABDU/cl5a5_Y9ki0vvxMT-vZFJgMHW6B1touqACLcBGAsYHQ/s0/descarga.jpg]
[somosprueba2.blogspot.com/2021/02/shingeki-no-kyojin.html]
[somosprueba2.blogspot.com/p/shingeki-no-kyojin.html]
[1.bp.blogspot.com/-LT2WMaisx1o/YDg2oB-rQ6I/AAAAAAAABiE/FEzbC2DZ04wtNlBx0JGilykt50VaOMQjQCLcBGAsYHQ/s0/Hortensia-Saga-RPG.jpg]
[somosprueba2.blogspot.com/2021/02/hortensia-saga.html]
[somosprueba2.blogspot.com/p/hortensia-saga.html]
[somosprueba2.blogspot.com/2021/02/_https_/lh6.googleusercontent.com/proxy/goPKOGJM3vnth9Vn_yH3pnROd_W0OledfhuoysOmj8mIEuStjGSPGyyziP1evyquXRMs4LxhKOp6rPED-FmsQcdF9RFxvCY9v6QTcBHzLzYndVTTVTF85HHbg0vm2ovo=s0]
[somosprueba2.blogspot.com/2021/02/dr-stone.html]
[somosprueba2.blogspot.com/p/dr-stone.html]
[1.bp.blogspot.com/-HKBmarBbs6s/X5gw4MUQrFI/AAAAAAAABDs/hQr6rtZ8IN4Pj3gU-RzkNrGi2CuS7Ud8ACLcBGAsYHQ/s0/qwwwedereeew.jpg]
[somosprueba2.blogspot.com/2020/10/dragon-ball.html]
[somosprueba2.blogspot.com/p/dragon-ball.html]
[1.bp.blogspot.com/-1IH51uV9Bdk/X5gt72pxzmI/AAAAAAAABDA/06YlgCKy_a03nJGRUjdBOIGzcsO3jDm4QCLcBGAsYHQ/s0/wqeqwq.png]
[somosprueba2.blogspot.com/2020/10/sinopsis-anime-naruto-un-ninja.html]
[somosprueba2.blogspot.com/p/nanatsu-no-taizai.html]
[1.bp.blogspot.com/-_-qg3U5PY6E/X5gqdDjAGgI/AAAAAAAABCY/Kf2VVke1ZkEJgPLqTZ88xzT9fpqx-SGHQCLcBGAsYHQ/s0/8eb3b2d5a9fdf03fc691df9bfa5ab465.jpg]
[1.bp.blogspot.com/-T4-Uuxezh60/X5gruhsA87I/AAAAAAAABCk/_8macnxGfKgOsmRyM0hGO3oraFDteEl-wCLcBGAsYHQ/s0/4ZEGOTP4ORCYZFF3OA4BUNEEBU.jpg]
[somosprueba2.blogspot.com/2020/10/naruto-shippuden.html]
[somosprueba2.blogspot.com/p/condiciones-de-uso.html]
[somosprueba2.blogspot.com/p/politica-de-privacidad.html]
[somosprueba2.blogspot.com/p/sobre-nosotros.html]
[somosprueba2.blogspot.com/search.html]
[www.blogger.com/dyn-css/authorizationa5c5.css]
[somosprueba2.blogspot.com/search/label/Anime.html]
[somosprueba2.blogspot.com/p/naruto-shippuden.html]
[somosprueba2.blogspot.com/anime/dr-stone-stone-wars.33.delayed]
[pelismegavz.disqus.com/embed.js]
[1.bp.blogspot.com/-Br6AGkHKsfQ/YDgyA9zfsdI/AAAAAAAABhs/sejG9Gg9xjgvOiAKrh2LoHkUrPjt2egPwCLcBGAsYHQ/s0/face.png]
[1.bp.blogspot.com/-2rs1J4ZF9CE/YDgySem9eMI/AAAAAAAABh0/2GI1A84genMSqgesb_61Q9Vy1-RXgGURwCLcBGAsYHQ/s0/face.png]
[somoskudasai.com/wp-content/uploads/2021/01/portada_kaifuku-17-150x150.jpg]
[somoskudasai.com/wp-content/uploads/2021/01/portada_ansatsu-2-150x150.jpg]
[somoskudasai.com/wp-content/uploads/2021/01/portada_succubus-fig-150x150.jpg]
[somoskudasai.com/wp-content/uploads/2021/01/portada_natalidad-150x150.jpg]
[somoskudasai.com/wp-content/uploads/2021/01/portada_madre-japon-150x150.jpg]
[somoskudasai.com/wp-content/uploads/2021/01/portada_horimiya-21-150x150.jpg]
[ww3.animeflv.cc/static/js/hamfunctiond3cb.js]
[ww3.animeflv.cc/static/js/combod3cb.js]
[somosprueba2.blogspot.com/p/boku-no-hero-academia-movie.html]
[somosprueba2.blogspot.com/p/shingeki-no-kyojin.html]
[somosprueba2.blogspot.com/p/hortensia-saga.html]
[somosprueba2.blogspot.com/2021/02/_https_/lh6.googleusercontent.com/proxy/goPKOGJM3vnth9Vn_yH3pnROd_W0OledfhuoysOmj8mIEuStjGSPGyyziP1evyquXRMs4LxhKOp6rPED-FmsQcdF9RFxvCY9v6QTcBHzLzYndVTTVTF85HHbg0vm2ovo=s0]
[somosprueba2.blogspot.com/p/dr-stone.html]
[draft.blogger.com/dyn-css/authorizationa5c5.css]
[somosprueba2.blogspot.com/p/dragon-ball.html]
[somosprueba2.blogspot.com/p/nanatsu-no-taizai.html]
[somosprueba2.blogspot.com/p/naruto-shippuden.html]
[somosprueba2.blogspot.com/anime/dr-stone-stone-wars.html]
[ww3.animeflv.cc/static/css/stylec010.css]
[ww3.animeflv.cc/static/img/bg/telegram.png]
[ww3.animeflv.cc/static/css/stylec010.css]
